]0;~/Desktop/wwwwebsite[?1034hcpe-172-100-1-147:wwwwebsite Jade$ [Kcpe-172-100-1-147:wwwwebsite Jade$ cd ~/Desktop/wwwwebsite
]0;~/Desktop/wwwwebsitecpe-172-100-1-147:wwwwebsite Jade$ git init
Reinitialized existing Git repository in /Users/Jade/Desktop/wwwwebsite/.git/
]0;~/Desktop/wwwwebsitecpe-172-100-1-147:wwwwebsite Jade$ git add ,
fatal: pathspec ',' did not match any files
]0;~/Desktop/wwwwebsitecpe-172-100-1-147:wwwwebsite Jade$ git add .
]0;~/Desktop/wwwwebsitecpe-172-100-1-147:wwwwebsite Jade$ git commit -m
error: switch `m' requires a value
usage: git commit [<options>] [--] <pathspec>...

    -q, --quiet           suppress summary after successful commit
    -v, --verbose         show diff in commit message template

Commit message options
    -F, --file <file>     read message from file
    --author <author>     override author for commit
    --date <date>         override date for commit
    -m, --message <message>
                          commit message
    -c, --reedit-message <commit>
                          reuse and edit message from specified commit
    -C, --reuse-message <commit>
                          reuse message from specified commit
    --fixup <commit>      use autosquash formatted message to fixup specified commit
    --squash <commit>     use autosquash formatted message to squash specified commit
    --reset-author        the commit is authored by me now (used with -C/-c/--amend)
    -s, --signoff         add Signed-off-by:
    -t, --template <file>
                          use specified template file
    -e, --edit            force edit of commit
    --cleanup <default>   how to strip spaces and #comments from message
    --status              include status in commit message template
    -S, --gpg-sign[=<key-id>]
                          GPG sign commit

Commit contents options
    -a, --all             commit all changed files
    -i, --include         add specified files to index for commit
    --interactive         interactively add files
    -p, --patch           interactively add changes
    -o, --only            commit only specified files
    -n, --no-verify       bypass pre-commit and commit-msg hooks
    --dry-run             show what would be committed
    --short               show status concisely
    --branch              show branch information
    --porcelain           machine-readable output
    --long                show status in long format (default)
    -z, --null            terminate entries with NUL
    --amend               amend previous commit
    --no-post-rewrite     bypass post-rewrite hook
    -u, --untracked-files[=<mode>]
                          show untracked files, optional modes: all, normal, no. (Default: all)

]0;~/Desktop/wwwwebsitecpe-172-100-1-147:wwwwebsite Jade$ gti remote [K[K[K[K[K[K[K[K[K[Kit remote add origin https://github.com/jadeanderson134/www website.git
fatal: remote origin already exists.
]0;~/Desktop/wwwwebsitecpe-172-100-1-147:wwwwebsite Jade$ git remote add origin https://github.com/jadeanderson134/www website.git[K[K[K[K[K[K[K[K[K[K[K[A[C[C[C[C[C[C[C[C[C[C[C[C[C[C[C[C[C[C[C[C[C[C[C[C[C[C[C[C[C[C[C[C[C[C[C[C[C[C[C[C[C[C[C[C[C[C[C[C[C[C[C[C[C[C[C[C[C[C[C[C[C[C[C[C[C[C[C[C[C[C[C[C[C[C[C[C[C[C[C[C[C[C[C[C[C[C[C[C[C[C[C[C[C[C[K
[K[A[C[C[C[C[C[C[C[C[C[C[C[C[C[C[C[C[C[C[C[C[C[C[C[C[C[C[C[C[C[C[C[C[C[C[C[C[C[C[C[C[C[C[C[C[C[C[C[C[C[C[C[C[C[C[C[C[C[C[C[C[C[C[C[C[C[C[C[C[C[C[C[C[C[C[C[C[C[C[C[C[C[C[C[C[C[C[C[C[C[C[C[C[C[C[K[K[K[K[K[K[K[K[K[K[K[K[K[K[K[K[K[K[K[K[K[K[K[K[K[K[K[K[K[K[K[K[K[K[K[K[K[K[K[K[K[K[K[Kmy origi[K[K[K[K[K[K[Ko[Kyorii[Kgin git remote add origin https://github .com/jadeanderson134/wwwwebsite.git[K[K[K[K[K[K[K[K[K[K[K[K[K[K[K[K[K[K[K[K[K[K[K[K[K[K[K[K[K[K[K[K[K[K[K[A[C[C[C[C[C[C[C[C[C[C[C[C[C[C[C[C[C[C[C[C[C[C[C[C[C[C[C[C[C[C[C[C[C[C[C[C[C[C[C[C[C[C[C[C[C[C[C[C[C[C[C[C[C[C[C[C[C[C[C[C[C[C[C[C[C[C[C[C[C[C[C[C[C[C[C[C[C[C[C[C[C[C[C[C[C[C[C[C[C[C[C[C[C[C[K
[K[A[C[C[C[C[C[C[C[C[C[C[C[C[C[C[C[C[C[C[C[C[C[C[C[C[C[C[C[C[C[C[C[C[C[C[C[C[C[C[C[C[C[C[C[C[C[C[C[C[C[C[C[C[C[C[C[C[C[C[C[C[C[C[C[C[C[C[C[C[C[C[C[C[C[C[C[C[C[C[C[C[C[C[C[C[C[C[C[C[C[C[C[C[C[C[K[K[K[K[K[K[K[K[K[K[K[K[K[K[K[K[K[K[K[K[K[K[K[K[K[K[K[K[K[K[K[K[K[K[Khttps://github.com/jadeanderson134/w wwwebsite.git
]0;~/Desktop/wwwwebsitecpe-172-100-1-147:wwwwebsite Jade$ git push myoriig[K[Kgin master
error: src refspec master does not match any.
error: failed to push some refs to 'https://github.com/jadeanderson134/wwwwebsite.git'
]0;~/Desktop/wwwwebsitecpe-172-100-1-147:wwwwebsite Jade$ 
]0;~/Desktop/wwwwebsitecpe-172-100-1-147:wwwwebsite Jade$ 
]0;~/Desktop/wwwwebsitecpe-172-100-1-147:wwwwebsite Jade$ git init
Reinitialized existing Git repository in /Users/Jade/Desktop/wwwwebsite/.git/
]0;~/Desktop/wwwwebsitecpe-172-100-1-147:wwwwebsite Jade$ git config --global user.username jadeanderson134
]0;~/Desktop/wwwwebsitecpe-172-100-1-147:wwwwebsite Jade$ "print('hello[K[K[K[K[K[K[K[K[K[K[K[K[Kgit add ~/Desktop/wwwwebsite
]0;~/Desktop/wwwwebsitecpe-172-100-1-147:wwwwebsite Jade$ git commit -m "firstc[K commit"
[master (root-commit) d7e8404] first commit
 Committer: Jade Anderson <Jade@cpe-172-100-1-147.twcny.res.rr.com>
Your name and email address were configured automatically based
on your username and hostname. Please check that they are accurate.
You can suppress this message by setting them explicitly:

    git config --global user.name "Your Name"
    git config --global user.email you@example.com

After doing this, you may fix the identity used for this commit with:

    git commit --amend --reset-author

 94 files changed, 9757 insertions(+)
 create mode 100644 .gitignore
 create mode 100644 config.toml
 create mode 100644 content/blog/2015-07-23-r-rmarkdown.Rmd
 create mode 100644 content/blog/2015-07-23-r-rmarkdown.html
 create mode 100644 content/blog/creating-a-new-theme.md
 create mode 100644 content/blog/goisforlovers.md
 create mode 100644 content/blog/hugoisforlovers.md
 create mode 100644 content/blog/migrate-from-jekyll.md
 create mode 100644 content/projects.md
 create mode 100644 data/projects.yml
 create mode 100644 index.Rmd
 create mode 100644 public/404.html
 create mode 100644 public/blog/2015-07-23-r-rmarkdown.Rmd
 create mode 100644 public/blog/2015-07-23-r-rmarkdown/index.html
 create mode 100644 public/blog/2015-07-23-r-rmarkdown_files/figure-html/pie-1.png
 create mode 100644 public/blog/creating-a-new-theme/index.html
 create mode 100644 public/blog/goisforlovers/index.html
 create mode 100644 public/blog/hugoisforlovers/index.html
 create mode 100644 public/blog/index.html
 create mode 100644 public/blog/index.xml
 create mode 100644 public/blog/migrate-from-jekyll/index.html
 create mode 100644 public/categories/development/index.html
 create mode 100644 public/categories/development/index.xml
 create mode 100644 public/categories/golang/index.html
 create mode 100644 public/categories/golang/index.xml
 create mode 100644 public/categories/index.html
 create mode 100644 public/categories/index.xml
 create mode 100644 public/categories/projects/index.html
 create mode 100644 public/categories/projects/index.xml
 create mode 100644 public/categories/r/index.html
 create mode 100644 public/categories/r/index.xml
 create mode 100644 public/css/main.css
 create mode 100644 public/img/profile.png
 create mode 100644 public/index.html
 create mode 100644 public/index.xml
 create mode 100644 public/js/docs.min.js
 create mode 100644 public/js/ie10-viewport-bug-workaround.js
 create mode 100644 public/js/main.js
 create mode 100644 public/projects/index.html
 create mode 100644 public/sitemap.xml
 create mode 100644 public/tags/development/index.html
 create mode 100644 public/tags/development/index.xml
 create mode 100644 public/tags/go/index.html
 create mode 100644 public/tags/go/index.xml
 create mode 100644 public/tags/golang/index.html
 create mode 100644 public/tags/golang/index.xml
 create mode 100644 public/tags/hugo/index.html
 create mode 100644 public/tags/hugo/index.xml
 create mode 100644 public/tags/index.html
 create mode 100644 public/tags/index.xml
 create mode 100644 public/tags/plot/index.html
 create mode 100644 public/tags/plot/index.xml
 create mode 100644 public/tags/projects/index.html
 create mode 100644 public/tags/projects/index.xml
 create mode 100644 public/tags/r-markdown/index.html
 create mode 100644 public/tags/r-markdown/index.xml
 create mode 100644 public/tags/regression/index.html
 create mode 100644 public/tags/regression/index.xml
 create mode 100644 public/tags/templates/index.html
 create mode 100644 public/tags/templates/index.xml
 create mode 100644 public/tags/themes/index.html
 create mode 100644 public/tags/themes/index.xml
 create mode 100644 static/blog/2015-07-23-r-rmarkdown_files/figure-html/pie-1.png
 create mode 100644 static/img/profile.png
 create mode 100644 themes/hugo-sustain/LICENSE.md
 create mode 100644 themes/hugo-sustain/README.md
 create mode 100644 themes/hugo-sustain/archetypes/default.md
 create mode 100644 themes/hugo-sustain/exampleSite/config.toml
 create mode 100644 themes/hugo-sustain/exampleSite/content/blog/creating-a-new-theme.md
 create mode 100644 themes/hugo-sustain/exampleSite/content/blog/goisforlovers.md
 create mode 100644 themes/hugo-sustain/exampleSite/content/blog/hugoisforlovers.md
 create mode 100644 themes/hugo-sustain/exampleSite/content/blog/migrate-from-jekyll.md
 create mode 100644 themes/hugo-sustain/exampleSite/content/projects.md
 create mode 100644 themes/hugo-sustain/exampleSite/data/projects.yml
 create mode 100644 themes/hugo-sustain/exampleSite/static/img/profile.png
 create mode 100644 themes/hugo-sustain/images/screenshot.png
 create mode 100644 themes/hugo-sustain/images/tn.png
 create mode 100644 themes/hugo-sustain/layouts/404.html
 create mode 100644 themes/hugo-sustain/layouts/_default/list.html
 create mode 100644 themes/hugo-sustain/layouts/_default/projects.html
 create mode 100644 themes/hugo-sustain/layouts/_default/single.html
 create mode 100644 themes/hugo-sustain/layouts/index.html
 create mode 100644 themes/hugo-sustain/layouts/partials/disqus.html
 create mode 100644 themes/hugo-sustain/layouts/partials/footer.html
 create mode 100644 themes/hugo-sustain/layouts/partials/head.html
 create mode 100644 themes/hugo-sustain/layouts/partials/header.html
 create mode 100644 themes/hugo-sustain/layouts/partials/js.html
 create mode 100644 themes/hugo-sustain/layouts/partials/social.html
 create mode 100644 themes/hugo-sustain/static/css/main.css
 create mode 100644 themes/hugo-sustain/static/js/docs.min.js
 create mode 100644 themes/hugo-sustain/static/js/ie10-viewport-bug-workaround.js
 create mode 100644 themes/hugo-sustain/static/js/main.js
 create mode 100644 themes/hugo-sustain/theme.toml
 create mode 100644 wwwwebsite.Rproj
]0;~/Desktop/wwwwebsitecpe-172-100-1-147:wwwwebsite Jade$ git remote add og[Krigin https://github.com/jadeanderson134/www website.git
fatal: remote origin already exists.
]0;~/Desktop/wwwwebsitecpe-172-100-1-147:wwwwebsite Jade$ git push origin master
Counting objects: 130, done.
Delta compression using up to 4 threads.
Compressing objects:   0% (1/114)   Compressing objects:   1% (2/114)   Compressing objects:   2% (3/114)   Compressing objects:   3% (4/114)   Compressing objects:   4% (5/114)   Compressing objects:   5% (6/114)   Compressing objects:   6% (7/114)   Compressing objects:   7% (8/114)   Compressing objects:   8% (10/114)   Compressing objects:   9% (11/114)   Compressing objects:  10% (12/114)   Compressing objects:  11% (13/114)   Compressing objects:  12% (14/114)   Compressing objects:  13% (15/114)   Compressing objects:  14% (16/114)   Compressing objects:  15% (18/114)   Compressing objects:  16% (19/114)   Compressing objects:  17% (20/114)   Compressing objects:  18% (21/114)   Compressing objects:  19% (22/114)   Compressing objects:  20% (23/114)   Compressing objects:  21% (24/114)   Compressing objects:  22% (26/114)   Compressing objects:  23% (27/114)   Compressing objects:  24% (28/114)   Compressing objects:  25% (29/114)   Compressing objects:  26% (30/114)   Compressing objects:  27% (31/114)   Compressing objects:  28% (32/114)   Compressing objects:  29% (34/114)   Compressing objects:  30% (35/114)   Compressing objects:  31% (36/114)   Compressing objects:  32% (37/114)   Compressing objects:  33% (38/114)   Compressing objects:  34% (39/114)   Compressing objects:  35% (40/114)   Compressing objects:  36% (42/114)   Compressing objects:  37% (43/114)   Compressing objects:  38% (44/114)   Compressing objects:  39% (45/114)   Compressing objects:  40% (46/114)   Compressing objects:  41% (47/114)   Compressing objects:  42% (48/114)   Compressing objects:  43% (50/114)   Compressing objects:  44% (51/114)   Compressing objects:  45% (52/114)   Compressing objects:  46% (53/114)   Compressing objects:  47% (54/114)   Compressing objects:  48% (55/114)   Compressing objects:  49% (56/114)   Compressing objects:  50% (57/114)   Compressing objects:  51% (59/114)   Compressing objects:  52% (60/114)   Compressing objects:  53% (61/114)   Compressing objects:  54% (62/114)   Compressing objects:  55% (63/114)   Compressing objects:  56% (64/114)   Compressing objects:  57% (65/114)   Compressing objects:  58% (67/114)   Compressing objects:  59% (68/114)   Compressing objects:  60% (69/114)   Compressing objects:  61% (70/114)   Compressing objects:  62% (71/114)   Compressing objects:  63% (72/114)   Compressing objects:  64% (73/114)   Compressing objects:  65% (75/114)   Compressing objects:  66% (76/114)   Compressing objects:  67% (77/114)   Compressing objects:  68% (78/114)   Compressing objects:  69% (79/114)   Compressing objects:  70% (80/114)   Compressing objects:  71% (81/114)   Compressing objects:  72% (83/114)   Compressing objects:  73% (84/114)   Compressing objects:  74% (85/114)   Compressing objects:  75% (86/114)   Compressing objects:  76% (87/114)   Compressing objects:  77% (88/114)   Compressing objects:  78% (89/114)   Compressing objects:  79% (91/114)   Compressing objects:  80% (92/114)   Compressing objects:  81% (93/114)   Compressing objects:  82% (94/114)   Compressing objects:  83% (95/114)   Compressing objects:  84% (96/114)   Compressing objects:  85% (97/114)   Compressing objects:  86% (99/114)   Compressing objects:  87% (100/114)   Compressing objects:  88% (101/114)   Compressing objects:  89% (102/114)   Compressing objects:  90% (103/114)   Compressing objects:  91% (104/114)   Compressing objects:  92% (105/114)   Compressing objects:  93% (107/114)   Compressing objects:  94% (108/114)   Compressing objects:  95% (109/114)   Compressing objects:  96% (110/114)   Compressing objects:  97% (111/114)   Compressing objects:  98% (112/114)   Compressing objects:  99% (113/114)   Compressing objects: 100% (114/114)   Compressing objects: 100% (114/114), done.
Writing objects:   0% (1/130)   Writing objects:   1% (2/130)   Writing objects:   2% (3/130)   Writing objects:   3% (4/130)   Writing objects:   4% (6/130)   Writing objects:   5% (7/130)   Writing objects:   6% (8/130)   Writing objects:   8% (11/130)   Writing objects:  10% (13/130)   Writing objects:  11% (15/130)   Writing objects:  12% (16/130)   Writing objects:  13% (17/130)   Writing objects:  14% (19/130)   Writing objects:  15% (20/130)   Writing objects:  16% (21/130)   Writing objects:  18% (24/130)   Writing objects:  19% (25/130)   Writing objects:  20% (26/130)   Writing objects:  21% (28/130)   Writing objects:  22% (29/130)   Writing objects:  23% (30/130)   Writing objects:  24% (32/130)   Writing objects:  26% (34/130)   Writing objects:  27% (36/130)   Writing objects:  28% (37/130)   Writing objects:  29% (38/130)   Writing objects:  30% (39/130)   Writing objects:  31% (41/130)   Writing objects:  32% (42/130)   Writing objects:  33% (43/130)   Writing objects:  34% (45/130)   Writing objects:  35% (46/130)   Writing objects:  36% (48/130)   Writing objects:  38% (50/130)   Writing objects:  39% (51/130)   Writing objects:  40% (52/130)   Writing objects:  41% (54/130)   Writing objects:  42% (55/130)   Writing objects:  43% (56/130)   Writing objects:  45% (59/130)   Writing objects:  46% (60/130)   Writing objects:  47% (62/130)   Writing objects:  48% (63/130)   Writing objects:  49% (64/130)   Writing objects:  50% (65/130)   Writing objects:  51% (67/130)   Writing objects:  52% (68/130)   Writing objects:  53% (69/130)   Writing objects:  54% (71/130)   Writing objects:  55% (72/130)   Writing objects:  56% (73/130)   Writing objects:  57% (75/130)   Writing objects:  58% (76/130)   Writing objects:  59% (77/130)   Writing objects:  60% (78/130)   Writing objects:  61% (80/130)   Writing objects:  62% (81/130)   Writing objects:  63% (82/130)   Writing objects:  64% (84/130)   Writing objects:  65% (85/130)   Writing objects:  66% (86/130)   Writing objects:  67% (88/130)   Writing objects:  68% (89/130)   Writing objects:  69% (90/130)   Writing objects:  70% (91/130)   Writing objects:  71% (93/130)   Writing objects:  72% (94/130)   Writing objects:  73% (95/130)   Writing objects:  74% (97/130)   Writing objects:  75% (98/130)   Writing objects:  76% (99/130)   Writing objects:  77% (101/130)   Writing objects:  78% (102/130)   Writing objects:  79% (103/130)   Writing objects:  80% (104/130)   Writing objects:  81% (106/130)   Writing objects:  82% (107/130)   Writing objects:  83% (108/130)   Writing objects:  84% (110/130)   Writing objects:  85% (111/130)   Writing objects:  86% (112/130)   Writing objects:  87% (114/130)   Writing objects:  89% (116/130)   Writing objects:  90% (117/130)   Writing objects:  91% (119/130)   Writing objects:  92% (120/130)   Writing objects:  93% (121/130)   Writing objects:  94% (123/130)   Writing objects:  95% (124/130)   Writing objects:  96% (125/130)   Writing objects:  97% (127/130)   Writing objects:  98% (128/130)   Writing objects:  99% (129/130)   Writing objects: 100% (130/130)   Writing objects: 100% (130/130), 502.90 KiB | 2.62 MiB/s, done.
Total 130 (delta 37), reused 0 (delta 0)
remote: Resolving deltas:   0% (0/37)[Kremote: Resolving deltas:   2% (1/37)[Kremote: Resolving deltas:   5% (2/37)[Kremote: Resolving deltas:   8% (3/37)[Kremote: Resolving deltas:  10% (4/37)[Kremote: Resolving deltas:  45% (17/37)[Kremote: Resolving deltas:  48% (18/37)[Kremote: Resolving deltas:  67% (25/37)[Kremote: Resolving deltas:  70% (26/37)[Kremote: Resolving deltas:  83% (31/37)[Kremote: Resolving deltas:  94% (35/37)[Kremote: Resolving deltas: 100% (37/37)[Kremote: Resolving deltas: 100% (37/37), done.[K
To https://github.com/jadeanderson134/wwwwebsite.git
 * [new branch]      master -> master
]0;~/Desktop/wwwwebsitecpe-172-100-1-147:wwwwebsite Jade$ [Kcpe-172-100-1-147:wwwwebsite Jade$ [Kcpe-172-100-1-147:wwwwebsite Jade$ git init
Reinitialized existing Git repository in /Users/Jade/Desktop/wwwwebsite/.git/
]0;~/Desktop/wwwwebsitecpe-172-100-1-147:wwwwebsite Jade$ git add .
]0;~/Desktop/wwwwebsitecpe-172-100-1-147:wwwwebsite Jade$ git commit -m "final website commit"
[master 247366c] final website commit
 Committer: Jade Anderson <Jade@cpe-172-100-1-147.twcny.res.rr.com>
Your name and email address were configured automatically based
on your username and hostname. Please check that they are accurate.
You can suppress this message by setting them explicitly:

    git config --global user.name "Your Name"
    git config --global user.email you@example.com

After doing this, you may fix the identity used for this commit with:

    git commit --amend --reset-author

 131 files changed, 6807 insertions(+), 2578 deletions(-)
 create mode 100644 .DS_Store
 create mode 100644 content/.DS_Store
 create mode 100644 content/Project1.Rmd
 create mode 100644 content/Project1.html
 create mode 100644 content/Project2.Rmd
 create mode 100644 content/Project2.html
 create mode 100644 content/Projects.Rmd
 create mode 100644 content/Projects.html
 create mode 100644 content/Resume.Rmd
 create mode 100644 content/Resume.html
 create mode 100644 content/blog/.DS_Store
 delete mode 100644 content/blog/2015-07-23-r-rmarkdown.Rmd
 delete mode 100644 content/blog/2015-07-23-r-rmarkdown.html
 create mode 100644 content/blog/2019-12-10-writing-python-functions.Rmd
 create mode 100644 content/blog/2019-12-10-writing-python-functions.html
 delete mode 100644 content/blog/creating-a-new-theme.md
 delete mode 100644 content/blog/goisforlovers.md
 delete mode 100644 content/blog/hugoisforlovers.md
 delete mode 100644 content/blog/migrate-from-jekyll.md
 create mode 100644 public/.DS_Store
 create mode 100644 public/Project1.Rmd
 create mode 100644 public/Project1_files/figure-html/unnamed-chunk-4-1.png
 create mode 100644 public/Project1_files/figure-html/unnamed-chunk-4-2.png
 create mode 100644 public/Project1_files/figure-html/unnamed-chunk-4-3.png
 create mode 100644 public/Project1_files/figure-html/unnamed-chunk-5-1.png
 create mode 100644 public/Project1_files/figure-html/unnamed-chunk-5-2.png
 create mode 100644 public/Project1_files/figure-html/unnamed-chunk-5-3.png
 create mode 100644 public/Project1_files/figure-html/unnamed-chunk-5-4.png
 create mode 100644 public/Project2.Rmd
 create mode 100644 public/Project2_files/figure-html/unnamed-chunk-1-1.png
 create mode 100644 public/Project2_files/figure-html/unnamed-chunk-1-2.png
 create mode 100644 public/Project2_files/figure-html/unnamed-chunk-1-3.png
 create mode 100644 public/Project2_files/figure-html/unnamed-chunk-2-1.png
 create mode 100644 public/Project2_files/figure-html/unnamed-chunk-2-2.png
 create mode 100644 public/Project2_files/figure-html/unnamed-chunk-3-1.png
 create mode 100644 public/Project2_files/figure-html/unnamed-chunk-3-2.png
 create mode 100644 public/Project2_files/figure-html/unnamed-chunk-3-3.png
 create mode 100644 public/Project2_files/figure-html/unnamed-chunk-3-4.png
 create mode 100644 public/Project2_files/figure-html/unnamed-chunk-3-5.png
 create mode 100644 public/Project2_files/figure-html/unnamed-chunk-5-1.png
 create mode 100644 public/Project2_files/figure-html/unnamed-chunk-5-2.png
 create mode 100644 public/Project2_files/figure-html/unnamed-chunk-5-3.png
 create mode 100644 public/Projects.Rmd
 create mode 100644 public/Resume.Rmd
 create mode 100644 public/blog/2019-12-10-writing-python-functions.Rmd
 create mode 100644 public/blog/2019-12-10-writing-python-functions_files/images.png
 rewrite public/blog/index.xml (90%)
 create mode 100644 public/blog/writing-python-functions/index.html
 create mode 100644 public/img/.DS_Store
 create mode 100644 public/img/IMG_1109.png
 create mode 100644 public/img/images.png
 rewrite public/index.xml (83%)
 create mode 100644 public/la320 resume.docx
 create mode 100644 public/project1/index.html
 create mode 100644 public/project2/index.html
 create mode 100644 public/resume/index.html
 rewrite public/sitemap.xml (67%)
 rewrite public/tags/index.xml (77%)
 create mode 100644 public/wwebsite_resume.pdf
 create mode 100644 public/~$320 resume.docx
 create mode 100644 static/.DS_Store
 create mode 100644 static/Project1_files/figure-html/unnamed-chunk-4-1.png
 create mode 100644 static/Project1_files/figure-html/unnamed-chunk-4-2.png
 create mode 100644 static/Project1_files/figure-html/unnamed-chunk-4-3.png
 create mode 100644 static/Project1_files/figure-html/unnamed-chunk-5-1.png
 create mode 100644 static/Project1_files/figure-html/unnamed-chunk-5-2.png
 create mode 100644 static/Project1_files/figure-html/unnamed-chunk-5-3.png
 create mode 100644 static/Project1_files/figure-html/unnamed-chunk-5-4.png
 create mode 100644 static/Project2_files/figure-html/unnamed-chunk-1-1.png
 create mode 100644 static/Project2_files/figure-html/unnamed-chunk-1-2.png
 create mode 100644 static/Project2_files/figure-html/unnamed-chunk-1-3.png
 create mode 100644 static/Project2_files/figure-html/unnamed-chunk-2-1.png
 create mode 100644 static/Project2_files/figure-html/unnamed-chunk-2-2.png
 create mode 100644 static/Project2_files/figure-html/unnamed-chunk-3-1.png
 create mode 100644 static/Project2_files/figure-html/unnamed-chunk-3-2.png
 create mode 100644 static/Project2_files/figure-html/unnamed-chunk-3-3.png
 create mode 100644 static/Project2_files/figure-html/unnamed-chunk-3-4.png
 create mode 100644 static/Project2_files/figure-html/unnamed-chunk-3-5.png
 create mode 100644 static/Project2_files/figure-html/unnamed-chunk-5-1.png
 create mode 100644 static/Project2_files/figure-html/unnamed-chunk-5-2.png
 create mode 100644 static/Project2_files/figure-html/unnamed-chunk-5-3.png
 create mode 100644 static/blog/2019-12-10-writing-python-functions_files/images.png
 create mode 100644 static/img/.DS_Store
 create mode 100644 static/img/IMG_1109.png
 create mode 100644 static/img/images.png
 create mode 100644 static/wwebsite_resume.pdf
]0;~/Desktop/wwwwebsitecpe-172-100-1-147:wwwwebsite Jade$ git config --global user.username jadeanderson12[K34
]0;~/Desktop/wwwwebsitecpe-172-100-1-147:wwwwebsite Jade$ git remote add origin https://github.com/jadeanderson134/wwe bsite.git
fatal: remote origin already exists.
]0;~/Desktop/wwwwebsitecpe-172-100-1-147:wwwwebsite Jade$ git push origin master
Counting objects: 135, done.
Delta compression using up to 4 threads.
Compressing objects:   0% (1/121)   Compressing objects:   1% (2/121)   Compressing objects:   2% (3/121)   Compressing objects:   3% (4/121)   Compressing objects:   4% (5/121)   Compressing objects:   5% (7/121)   Compressing objects:   6% (8/121)   Compressing objects:   7% (9/121)   Compressing objects:   8% (10/121)   Compressing objects:   9% (11/121)   Compressing objects:  10% (13/121)   Compressing objects:  11% (14/121)   Compressing objects:  12% (15/121)   Compressing objects:  13% (16/121)   Compressing objects:  14% (17/121)   Compressing objects:  15% (19/121)   Compressing objects:  16% (20/121)   Compressing objects:  17% (21/121)   Compressing objects:  18% (22/121)   Compressing objects:  19% (23/121)   Compressing objects:  20% (25/121)   Compressing objects:  21% (26/121)   Compressing objects:  22% (27/121)   Compressing objects:  23% (28/121)   Compressing objects:  24% (30/121)   Compressing objects:  25% (31/121)   Compressing objects:  26% (32/121)   Compressing objects:  27% (33/121)   Compressing objects:  28% (34/121)   Compressing objects:  29% (36/121)   Compressing objects:  30% (37/121)   Compressing objects:  31% (38/121)   Compressing objects:  32% (39/121)   Compressing objects:  33% (40/121)   Compressing objects:  34% (42/121)   Compressing objects:  35% (43/121)   Compressing objects:  36% (44/121)   Compressing objects:  37% (45/121)   Compressing objects:  38% (46/121)   Compressing objects:  39% (48/121)   Compressing objects:  40% (49/121)   Compressing objects:  41% (50/121)   Compressing objects:  42% (51/121)   Compressing objects:  43% (53/121)   Compressing objects:  44% (54/121)   Compressing objects:  45% (55/121)   Compressing objects:  46% (56/121)   Compressing objects:  47% (57/121)   Compressing objects:  48% (59/121)   Compressing objects:  49% (60/121)   Compressing objects:  50% (61/121)   Compressing objects:  51% (62/121)   Compressing objects:  52% (63/121)   Compressing objects:  53% (65/121)   Compressing objects:  54% (66/121)   Compressing objects:  55% (67/121)   Compressing objects:  56% (68/121)   Compressing objects:  57% (69/121)   Compressing objects:  58% (71/121)   Compressing objects:  59% (72/121)   Compressing objects:  60% (73/121)   Compressing objects:  61% (74/121)   Compressing objects:  62% (76/121)   Compressing objects:  63% (77/121)   Compressing objects:  64% (78/121)   Compressing objects:  65% (79/121)   Compressing objects:  66% (80/121)   Compressing objects:  67% (82/121)   Compressing objects:  68% (83/121)   Compressing objects:  69% (84/121)   Compressing objects:  70% (85/121)   Compressing objects:  71% (86/121)   Compressing objects:  72% (88/121)   Compressing objects:  73% (89/121)   Compressing objects:  74% (90/121)   Compressing objects:  75% (91/121)   Compressing objects:  76% (92/121)   Compressing objects:  77% (94/121)   Compressing objects:  78% (95/121)   Compressing objects:  79% (96/121)   Compressing objects:  80% (97/121)   Compressing objects:  81% (99/121)   Compressing objects:  82% (100/121)   Compressing objects:  83% (101/121)   Compressing objects:  84% (102/121)   Compressing objects:  85% (103/121)   Compressing objects:  86% (105/121)   Compressing objects:  87% (106/121)   Compressing objects:  88% (107/121)   Compressing objects:  89% (108/121)   Compressing objects:  90% (109/121)   Compressing objects:  91% (111/121)   Compressing objects:  92% (112/121)   Compressing objects:  93% (113/121)   Compressing objects:  94% (114/121)   Compressing objects:  95% (115/121)   Compressing objects:  96% (117/121)   Compressing objects:  97% (118/121)   Compressing objects:  98% (119/121)   Compressing objects:  99% (120/121)   Compressing objects: 100% (121/121)   Compressing objects: 100% (121/121), done.
Writing objects:   0% (1/135)   Writing objects:   1% (2/135)   Writing objects:   2% (4/135)   Writing objects:   3% (5/135)   Writing objects:   4% (6/135)   Writing objects:   5% (7/135)   Writing objects:   6% (9/135)   Writing objects:   7% (10/135)   Writing objects:   8% (11/135)   Writing objects:   9% (13/135)   Writing objects:  10% (14/135)   Writing objects:  11% (15/135)   Writing objects:  12% (17/135)   Writing objects:  13% (18/135)   Writing objects:  14% (19/135)   Writing objects:  15% (21/135)   Writing objects:  16% (22/135)   Writing objects:  17% (23/135)   Writing objects:  18% (25/135)   Writing objects:  19% (26/135)   Writing objects:  20% (27/135)   Writing objects:  21% (29/135)   Writing objects:  22% (30/135)   Writing objects:  22% (30/135), 1.14 MiB | 770.00 KiB/s   Writing objects:  22% (30/135), 1.20 MiB | 332.00 KiB/s   Writing objects:  23% (32/135), 1.20 MiB | 332.00 KiB/s   Writing objects:  24% (33/135), 1.20 MiB | 332.00 KiB/s   Writing objects:  24% (33/135), 1.26 MiB | 280.00 KiB/s   Writing objects:  25% (34/135), 1.26 MiB | 280.00 KiB/s   Writing objects:  26% (36/135), 1.26 MiB | 280.00 KiB/s   Writing objects:  27% (37/135), 1.26 MiB | 280.00 KiB/s   Writing objects:  28% (38/135), 1.26 MiB | 280.00 KiB/s   Writing objects:  29% (40/135), 1.26 MiB | 280.00 KiB/s   Writing objects:  30% (41/135), 1.26 MiB | 280.00 KiB/s   Writing objects:  31% (42/135), 1.26 MiB | 280.00 KiB/s   Writing objects:  32% (44/135), 1.26 MiB | 280.00 KiB/s   Writing objects:  33% (45/135), 1.26 MiB | 280.00 KiB/s   Writing objects:  34% (46/135), 1.26 MiB | 280.00 KiB/s   Writing objects:  35% (48/135), 1.26 MiB | 280.00 KiB/s   Writing objects:  36% (49/135), 1.26 MiB | 280.00 KiB/s   Writing objects:  37% (50/135), 1.26 MiB | 280.00 KiB/s   Writing objects:  38% (52/135), 1.26 MiB | 280.00 KiB/s   Writing objects:  39% (53/135), 1.26 MiB | 280.00 KiB/s   Writing objects:  40% (54/135), 1.26 MiB | 280.00 KiB/s   Writing objects:  41% (56/135), 1.26 MiB | 280.00 KiB/s   Writing objects:  42% (57/135), 1.26 MiB | 280.00 KiB/s   Writing objects:  44% (60/135), 1.26 MiB | 280.00 KiB/s   Writing objects:  45% (61/135), 1.26 MiB | 280.00 KiB/s   Writing objects:  46% (63/135), 1.26 MiB | 280.00 KiB/s   Writing objects:  47% (64/135), 1.26 MiB | 280.00 KiB/s   Writing objects:  48% (65/135), 1.26 MiB | 280.00 KiB/s   Writing objects:  49% (67/135), 1.26 MiB | 280.00 KiB/s   Writing objects:  50% (68/135), 1.26 MiB | 280.00 KiB/s   Writing objects:  51% (69/135), 1.26 MiB | 280.00 KiB/s   Writing objects:  52% (71/135), 1.26 MiB | 280.00 KiB/s   Writing objects:  53% (72/135), 1.26 MiB | 280.00 KiB/s   Writing objects:  54% (73/135), 1.26 MiB | 280.00 KiB/s   Writing objects:  56% (76/135), 1.26 MiB | 280.00 KiB/s   Writing objects:  57% (77/135), 1.26 MiB | 280.00 KiB/s   Writing objects:  58% (79/135), 1.26 MiB | 280.00 KiB/s   Writing objects:  59% (80/135), 1.26 MiB | 280.00 KiB/s   Writing objects:  60% (81/135), 1.26 MiB | 280.00 KiB/s   Writing objects:  60% (82/135), 3.03 MiB | 514.00 KiB/s   Writing objects:  60% (82/135), 4.47 MiB | 646.00 KiB/s   Writing objects:  60% (82/135), 5.91 MiB | 695.00 KiB/s   Writing objects:  60% (82/135), 7.34 MiB | 1.12 MiB/s   Writing objects:  60% (82/135), 8.47 MiB | 1.18 MiB/s   Writing objects:  60% (82/135), 8.86 MiB | 999.00 KiB/s   Writing objects:  60% (82/135), 9.05 MiB | 673.00 KiB/s   Writing objects:  60% (82/135), 9.30 MiB | 605.00 KiB/s   Writing objects:  60% (82/135), 10.11 MiB | 522.00 KiB/s   Writing objects:  60% (82/135), 11.36 MiB | 498.00 KiB/s   Writing objects:  60% (82/135), 12.80 MiB | 594.00 KiB/s   Writing objects:  60% (82/135), 14.17 MiB | 1.05 MiB/s   Writing objects:  60% (82/135), 14.86 MiB | 1.16 MiB/s   Writing objects:  60% (82/135), 14.92 MiB | 1.01 MiB/s   Writing objects:  60% (82/135), 15.25 MiB | 932.00 KiB/s   Writing objects:  61% (83/135), 15.25 MiB | 932.00 KiB/s   Writing objects:  62% (84/135), 15.25 MiB | 932.00 KiB/s   Writing objects:  63% (86/135), 15.25 MiB | 932.00 KiB/s   Writing objects:  64% (87/135), 15.25 MiB | 932.00 KiB/s   Writing objects:  65% (88/135), 15.25 MiB | 932.00 KiB/s   Writing objects:  65% (89/135), 15.44 MiB | 673.00 KiB/s   Writing objects:  66% (90/135), 15.44 MiB | 673.00 KiB/s   Writing objects:  67% (91/135), 15.44 MiB | 673.00 KiB/s   Writing objects:  68% (92/135), 15.44 MiB | 673.00 KiB/s   Writing objects:  69% (94/135), 15.44 MiB | 673.00 KiB/s   Writing objects:  70% (95/135), 15.44 MiB | 673.00 KiB/s   Writing objects:  71% (96/135), 15.44 MiB | 673.00 KiB/s   Writing objects:  72% (98/135), 15.44 MiB | 673.00 KiB/s   Writing objects:  73% (99/135), 15.44 MiB | 673.00 KiB/s   Writing objects:  74% (100/135), 15.44 MiB | 673.00 KiB/s   Writing objects:  75% (102/135), 15.44 MiB | 673.00 KiB/s   Writing objects:  76% (103/135), 15.44 MiB | 673.00 KiB/s   Writing objects:  77% (104/135), 15.44 MiB | 673.00 KiB/s   Writing objects:  78% (106/135), 15.44 MiB | 673.00 KiB/s   Writing objects:  79% (107/135), 15.44 MiB | 673.00 KiB/s   Writing objects:  80% (108/135), 15.44 MiB | 673.00 KiB/s   Writing objects:  81% (110/135), 15.44 MiB | 673.00 KiB/s   Writing objects:  82% (111/135), 15.44 MiB | 673.00 KiB/s   Writing objects:  83% (113/135), 15.44 MiB | 673.00 KiB/s   Writing objects:  84% (114/135), 15.44 MiB | 673.00 KiB/s   Writing objects:  85% (115/135), 15.44 MiB | 673.00 KiB/s   Writing objects:  86% (117/135), 15.44 MiB | 673.00 KiB/s   Writing objects:  87% (118/135), 15.44 MiB | 673.00 KiB/s   Writing objects:  88% (119/135), 15.44 MiB | 673.00 KiB/s   Writing objects:  89% (121/135), 15.44 MiB | 673.00 KiB/s   Writing objects:  90% (122/135), 15.44 MiB | 673.00 KiB/s   Writing objects:  91% (123/135), 15.44 MiB | 673.00 KiB/s   Writing objects:  92% (125/135), 15.44 MiB | 673.00 KiB/s   Writing objects:  93% (126/135), 15.44 MiB | 673.00 KiB/s   Writing objects:  94% (127/135), 15.44 MiB | 673.00 KiB/s   Writing objects:  95% (129/135), 15.44 MiB | 673.00 KiB/s   Writing objects:  96% (130/135), 15.44 MiB | 673.00 KiB/s   Writing objects:  97% (131/135), 15.44 MiB | 673.00 KiB/s   Writing objects:  98% (133/135), 15.44 MiB | 673.00 KiB/s   Writing objects:  99% (134/135), 15.44 MiB | 673.00 KiB/s   Writing objects: 100% (135/135), 15.44 MiB | 673.00 KiB/s   Writing objects: 100% (135/135), 15.62 MiB | 662.00 KiB/s, done.
Total 135 (delta 51), reused 0 (delta 0)
remote: Resolving deltas:   0% (0/51)[Kremote: Resolving deltas:   7% (4/51)[Kremote: Resolving deltas:   9% (5/51)[Kremote: Resolving deltas:  11% (6/51)[Kremote: Resolving deltas:  13% (7/51)[Kremote: Resolving deltas:  15% (8/51)[Kremote: Resolving deltas:  17% (9/51)[Kremote: Resolving deltas:  19% (10/51)[Kremote: Resolving deltas:  49% (25/51)[Kremote: Resolving deltas:  52% (27/51)[Kremote: Resolving deltas:  56% (29/51)[Kremote: Resolving deltas:  60% (31/51)[Kremote: Resolving deltas:  62% (32/51)[Kremote: Resolving deltas:  68% (35/51)[Kremote: Resolving deltas:  72% (37/51)[Kremote: Resolving deltas:  74% (38/51)[Kremote: Resolving deltas:  76% (39/51)[Kremote: Resolving deltas:  78% (40/51)[Kremote: Resolving deltas:  80% (41/51)[Kremote: Resolving deltas:  82% (42/51)[Kremote: Resolving deltas:  84% (43/51)[Kremote: Resolving deltas:  86% (44/51)[Kremote: Resolving deltas:  88% (45/51)[Kremote: Resolving deltas:  90% (46/51)[Kremote: Resolving deltas:  94% (48/51)[Kremote: Resolving deltas:  96% (49/51)[Kremote: Resolving deltas:  98% (50/51)[Kremote: Resolving deltas: 100% (51/51)[Kremote: Resolving deltas: 100% (51/51), completed with 26 local objects.[K
To https://github.com/jadeanderson134/wwwwebsite.git
   d7e8404..247366c  master -> master
]0;~/Desktop/wwwwebsitecpe-172-100-1-147:wwwwebsite Jade$ hugo_version
bash: hugo_version: command not found
]0;~/Desktop/wwwwebsitecpe-172-100-1-147:wwwwebsite Jade$ git add.[K .
]0;~/Desktop/wwwwebsitecpe-172-100-1-147:wwwwebsite Jade$ git commit -m "some message"
On branch master
Your branch is up-to-date with 'origin/master'.

nothing to commit, working tree clean
]0;~/Desktop/wwwwebsitecpe-172-100-1-147:wwwwebsite Jade$ p[Kgit push origin master
Everything up-to-date
]0;~/Desktop/wwwwebsitecpe-172-100-1-147:wwwwebsite Jade$ cd ~/Desktop/wwwwebsite
]0;~/Desktop/wwwwebsitecpe-172-100-1-147:wwwwebsite Jade$ rm -rf .git*
]0;~/Desktop/wwwwebsitecpe-172-100-1-147:wwwwebsite Jade$ git init
Initialized empty Git repository in /Users/Jade/Desktop/wwwwebsite/.git/
]0;~/Desktop/wwwwebsitecpe-172-100-1-147:wwwwebsite Jade$ git add ,[K.